// Jest Snapshot v1, https://goo.gl/fbAQLP

exports[`RoomSearchPage snapshot RoomSearchPage snapshot 1`] = `
<div>
  <header
    class="header"
  >
    <div
      class="header__content"
    >
      <div
        class="header__logo"
      >
        <a
          class="logo"
          href="/"
        >
          Next image stub
          Next image stub
        </a>
      </div>
      <div
        class="header__menu"
      >
        <div
          class="header__burgerMenu"
        >
          <nav
            class="burger"
          >
            <svg
              class="burger__icon"
              fill="currentColor"
              height="1em"
              stroke="currentColor"
              stroke-width="0"
              viewBox="0 0 512 512"
              width="1em"
              xmlns="http://www.w3.org/2000/svg"
            >
              <path
                d="M32 96v64h448V96H32zm0 128v64h448v-64H32zm0 128v64h448v-64H32z"
              />
            </svg>
          </nav>
        </div>
        <div
          class="header__userMenu"
        >
          <div
            class="authentication"
          >
            <div
              class="authentication__signIn"
            >
              <a
                class="button button_type_signIn"
                href="/sign-in"
              >
                <span
                  class="button_type_signInText"
                >
                  signIn
                </span>
              </a>
            </div>
            <div
              class="authentication__registration"
            >
              <a
                class="button button_type_registration"
                href="/register"
              >
                <span
                  class="button_type_signInText"
                >
                  signUp
                </span>
              </a>
            </div>
          </div>
        </div>
        <div
          class="header__navbar"
        >
          <ul
            class="navBar"
          >
            <li
              class="navLink"
            >
              <a
                class="navLink__button"
                href="/about"
                title="aboutUs"
              >
                aboutUs
              </a>
            </li>
            <li
              class="navLink navLink_type_dropdown"
            >
              <div
                class="navLink__dropdown"
              >
                <svg
                  class="navLink__icon"
                  fill="currentColor"
                  height="21px"
                  stroke="currentColor"
                  stroke-width="0"
                  viewBox="0 0 24 24"
                  width="21px"
                  xmlns="http://www.w3.org/2000/svg"
                >
                  <path
                    d="M0 0h24v24H0z"
                    fill="none"
                  />
                  <path
                    d="M16.59 8.59L12 13.17 7.41 8.59 6 10l6 6 6-6z"
                  />
                </svg>
                <div
                  class="navLink__button"
                  title="services"
                >
                  services
                </div>
              </div>
            </li>
            <li
              class="navLink"
            >
              <a
                class="navLink__button"
                href="/vacancies"
                title="vacancies"
              >
                vacancies
              </a>
            </li>
            <li
              class="navLink"
            >
              <a
                class="navLink__button"
                href="/news"
                title="news"
              >
                news
              </a>
            </li>
            <li
              class="navLink navLink_type_dropdown"
            >
              <div
                class="navLink__dropdown"
              >
                <svg
                  class="navLink__icon"
                  fill="currentColor"
                  height="21px"
                  stroke="currentColor"
                  stroke-width="0"
                  viewBox="0 0 24 24"
                  width="21px"
                  xmlns="http://www.w3.org/2000/svg"
                >
                  <path
                    d="M0 0h24v24H0z"
                    fill="none"
                  />
                  <path
                    d="M16.59 8.59L12 13.17 7.41 8.59 6 10l6 6 6-6z"
                  />
                </svg>
                <div
                  class="navLink__button"
                  title="agreements"
                >
                  agreements
                </div>
              </div>
            </li>
            <li
              class="languageSwitcher"
            >
              <div
                class="switcher"
              >
                <div>
                  <button
                    class="btn"
                    type="button"
                  >
                    Next image stub
                    <svg
                      class="arrow"
                      fill="currentColor"
                      height="1em"
                      stroke="currentColor"
                      stroke-width="0"
                      viewBox="0 0 24 24"
                      width="1em"
                      xmlns="http://www.w3.org/2000/svg"
                    >
                      <path
                        d="M0 0h24v24H0z"
                        fill="none"
                      />
                      <path
                        d="M16.59 8.59L12 13.17 7.41 8.59 6 10l6 6 6-6z"
                      />
                    </svg>
                  </button>
                </div>
              </div>
            </li>
          </ul>
        </div>
      </div>
    </div>
  </header>
  <main>
    <div
      class="roomSearchPage"
    >
      <div
        class="roomSearchPage__content"
      >
        <aside
          class="roomSearchPage__sidebar"
        >
          <div
            class="roomSearchPage__sidebarDropdownWrapper"
          >
            <div
              class="SideBarDropdown"
            >
              <span
                class="SideBarDropdown__title"
                role="button"
                tabindex="0"
              >
                filter
                <svg
                  fill="none"
                  height="1em"
                  stroke="currentColor"
                  stroke-linecap="round"
                  stroke-linejoin="round"
                  stroke-width="2"
                  viewBox="0 0 24 24"
                  width="1em"
                  xmlns="http://www.w3.org/2000/svg"
                >
                  <polyline
                    points="6 9 12 15 18 9"
                  />
                </svg>
              </span>
            </div>
          </div>
          <div
            class="roomSearchPage__sidebarWrapper"
          >
            <div
              class="sidebar"
            >
              <div
                class="sidebar__calendar"
              >
                <div
                  class="calendar"
                >
                  <div
                    class="wrapper"
                  >
                    <label
                      class="label"
                    >
                      labelFirstSingle
                      <input
                        class="input"
                        placeholder="placeholderSingle"
                        readonly=""
                        type="text"
                      />
                      <svg
                        class="expandIcon"
                        fill="currentColor"
                        height="1em"
                        stroke="currentColor"
                        stroke-width="0"
                        viewBox="0 0 24 24"
                        width="1em"
                        xmlns="http://www.w3.org/2000/svg"
                      >
                        <path
                          d="M0 0h24v24H0z"
                          fill="none"
                        />
                        <path
                          d="M16.59 8.59L12 13.17 7.41 8.59 6 10l6 6 6-6z"
                        />
                      </svg>
                    </label>
                  </div>
                </div>
              </div>
              <div
                class="sidebar__guests"
              >
                <div
                  class="roomDropdown"
                >
                  <p
                    class="roomDropdown__title"
                  >
                    guestsTitle
                  </p>
                  <div
                    class="roomDropdownInput"
                    role="button"
                    tabindex="0"
                  >
                    <div
                      class=""
                    >
                      <input
                        class="input input_isReadonly"
                        name=""
                        placeholder="Email"
                        readonly=""
                        type="text"
                        value="defaultGuests"
                      />
                    </div>
                    <span
                      class="roomDropdownInput__iconWrapper"
                    >
                      <svg
                        class="roomDropdownInput__icon"
                        fill="none"
                        height="20px"
                        stroke="currentColor"
                        stroke-linecap="round"
                        stroke-linejoin="round"
                        stroke-width="2"
                        viewBox="0 0 24 24"
                        width="20px"
                        xmlns="http://www.w3.org/2000/svg"
                      >
                        <polyline
                          points="6 9 12 15 18 9"
                        />
                      </svg>
                    </span>
                  </div>
                </div>
              </div>
              <div
                class="sidebar__range"
              >
                <div
                  class="range"
                >
                  <label
                    class="range__label"
                  >
                    labelText
                    <input
                      class="range__data"
                      name="range"
                      placeholder=""
                      readonly=""
                      type="text"
                      value="5 000₽ - 10 000₽"
                    />
                  </label>
                  <div
                    class="rc-slider rc-slider-horizontal"
                  >
                    <div
                      class="rc-slider-rail"
                    />
                    <div
                      class="rc-slider-track rc-slider-track-1"
                      style="left: 33.33333333333333%; width: 33.33333333333333%;"
                    />
                    <div
                      class="rc-slider-step"
                    />
                    <div
                      aria-disabled="false"
                      aria-valuemax="15000"
                      aria-valuemin="0"
                      aria-valuenow="5000"
                      class="rc-slider-handle rc-slider-handle-1"
                      role="slider"
                      style="left: 33.33333333333333%; transform: translateX(-50%);"
                      tabindex="0"
                    />
                    <div
                      aria-disabled="false"
                      aria-valuemax="15000"
                      aria-valuemin="0"
                      aria-valuenow="10000"
                      class="rc-slider-handle rc-slider-handle-2"
                      role="slider"
                      style="left: 66.66666666666666%; transform: translateX(-50%);"
                      tabindex="0"
                    />
                  </div>
                  <p
                    class="range__text"
                  >
                    rangeText
                  </p>
                </div>
              </div>
              <div
                class="sidebar__rules"
              >
                <p
                  class="sidebar__subTitle"
                >
                  rules
                </p>
                <div
                  class="sidebar__rulesContainer"
                >
                  <label
                    class="checkbox"
                  >
                    <span
                      class="checkbox__inputWrapper"
                    >
                      <input
                        class="checkbox__control"
                        name="allowSmoke"
                        type="checkbox"
                      />
                      <span
                        class="checkbox__border"
                      />
                    </span>
                    <div
                      class="checkbox__textWrapper"
                    >
                      <span
                        class="checkbox__text"
                      >
                        allowSmoke
                      </span>
                    </div>
                  </label>
                  <label
                    class="checkbox"
                  >
                    <span
                      class="checkbox__inputWrapper"
                    >
                      <input
                        class="checkbox__control"
                        name="allowPets"
                        type="checkbox"
                      />
                      <span
                        class="checkbox__border"
                      />
                    </span>
                    <div
                      class="checkbox__textWrapper"
                    >
                      <span
                        class="checkbox__text"
                      >
                        allowPets
                      </span>
                    </div>
                  </label>
                  <label
                    class="checkbox"
                  >
                    <span
                      class="checkbox__inputWrapper"
                    >
                      <input
                        class="checkbox__control"
                        name="allowGuests"
                        type="checkbox"
                      />
                      <span
                        class="checkbox__border"
                      />
                    </span>
                    <div
                      class="checkbox__textWrapper"
                    >
                      <span
                        class="checkbox__text"
                      >
                        allowGuests
                      </span>
                    </div>
                  </label>
                </div>
              </div>
              <div
                class="sidebar__accessibility"
              >
                <p
                  class="sidebar__subTitle"
                >
                  accessability
                </p>
                <div
                  class="sidebar__accessibilityContainer"
                >
                  <label
                    class="checkbox"
                  >
                    <span
                      class="checkbox__inputWrapper"
                    >
                      <input
                        class="checkbox__control"
                        name="wideCorridor"
                        type="checkbox"
                      />
                      <span
                        class="checkbox__border"
                      />
                    </span>
                    <div
                      class="checkbox__textWrapper checkbox__textWrapper_length_short"
                    >
                      <span
                        class="checkbox__title"
                      >
                        corridor
                      </span>
                      <span
                        class="checkbox__text"
                      >
                        corridorDesc
                      </span>
                    </div>
                  </label>
                  <label
                    class="checkbox"
                  >
                    <span
                      class="checkbox__inputWrapper"
                    >
                      <input
                        class="checkbox__control"
                        name="assistant"
                        type="checkbox"
                      />
                      <span
                        class="checkbox__border"
                      />
                    </span>
                    <div
                      class="checkbox__textWrapper"
                    >
                      <span
                        class="checkbox__title"
                      >
                        assistant
                      </span>
                      <span
                        class="checkbox__text"
                      >
                        assistantDesc
                      </span>
                    </div>
                  </label>
                </div>
              </div>
              <div
                class="sidebar__roomConfig"
              >
                <div
                  class="roomDropdown"
                >
                  <p
                    class="roomDropdown__title"
                  >
                    amenitiesTitle
                  </p>
                  <div
                    class="roomDropdownInput"
                    role="button"
                    tabindex="0"
                  >
                    <div
                      class=""
                    >
                      <input
                        class="input input_isReadonly"
                        name=""
                        placeholder="Email"
                        readonly=""
                        type="text"
                        value="defaultRoom"
                      />
                    </div>
                    <span
                      class="roomDropdownInput__iconWrapper"
                    >
                      <svg
                        class="roomDropdownInput__icon"
                        fill="none"
                        height="20px"
                        stroke="currentColor"
                        stroke-linecap="round"
                        stroke-linejoin="round"
                        stroke-width="2"
                        viewBox="0 0 24 24"
                        width="20px"
                        xmlns="http://www.w3.org/2000/svg"
                      >
                        <polyline
                          points="6 9 12 15 18 9"
                        />
                      </svg>
                    </span>
                  </div>
                </div>
              </div>
              <div
                class="sidebar__extras"
              >
                <div
                  class="CheckboxDropdown"
                >
                  <div
                    class="CheckboxDropdown__title"
                    role="button"
                    tabindex="0"
                  >
                    <span
                      class="CheckboxDropdown__titleText"
                    >
                      additionalAmenities
                    </span>
                    <svg
                      class="CheckboxDropdown__titleIcon"
                      fill="none"
                      height="1em"
                      stroke="currentColor"
                      stroke-linecap="round"
                      stroke-linejoin="round"
                      stroke-width="2"
                      viewBox="0 0 24 24"
                      width="1em"
                      xmlns="http://www.w3.org/2000/svg"
                    >
                      <polyline
                        points="6 9 12 15 18 9"
                      />
                    </svg>
                  </div>
                </div>
              </div>
            </div>
          </div>
        </aside>
        <article
          class="roomSearchPage__rooms"
        >
          <h1
            class="roomSearchPage__roomsTitle"
          >
            title
          </h1>
          <div
            class="roomSearchPage__roomsContent"
          >
            <div
              class="roomCard"
            >
              <div
                class="roomCard__top"
              >
                <div
                  class="carousel-root"
                >
                  <div
                    class="carousel carousel-slider"
                    style="width: 100%;"
                  >
                    <ul
                      class="control-dots"
                    >
                      <li
                        aria-label="slide item 1"
                        class="dot selected"
                        role="button"
                        tabindex="0"
                        value="0"
                      />
                      <li
                        aria-label="slide item 2"
                        class="dot"
                        role="button"
                        tabindex="0"
                        value="1"
                      />
                      <li
                        aria-label="slide item 3"
                        class="dot"
                        role="button"
                        tabindex="0"
                        value="2"
                      />
                      <li
                        aria-label="slide item 4"
                        class="dot"
                        role="button"
                        tabindex="0"
                        value="3"
                      />
                    </ul>
                    <button
                      aria-label="previous slide / item"
                      class="control-arrow control-prev control-disabled"
                      type="button"
                    />
                    <div
                      class="slider-wrapper axis-horizontal"
                    >
                      <ul
                        class="slider animated"
                        style="transform: translate3d(0,0,0); transition-duration: 350ms;"
                      >
                        <li
                          class="slide selected previous"
                        >
                          <div>
                            Next image stub
                          </div>
                        </li>
                        <li
                          class="slide"
                        >
                          <div>
                            Next image stub
                          </div>
                        </li>
                        <li
                          class="slide"
                        >
                          <div>
                            Next image stub
                          </div>
                        </li>
                        <li
                          class="slide"
                        >
                          <div>
                            Next image stub
                          </div>
                        </li>
                      </ul>
                    </div>
                    <button
                      aria-label="next slide / item"
                      class="control-arrow control-next"
                      type="button"
                    />
                  </div>
                </div>
              </div>
              <a
                class="roomCard__roomLink"
                href="/room-details/10"
              >
                <div
                  class="roomCard__content"
                >
                  <ul
                    class="roomCard__list"
                  >
                    <li
                      class="roomCard__listItem"
                    >
                      <div
                        class="roomCard__number"
                      >
                        <strong>
                          111
                        </strong>
                        <span
                          class="roomCard__type"
                        >
                          luxury
                        </span>
                      </div>
                      <div
                        class="roomCard__price"
                      >
                        <strong
                          class="roomCard__priceInner"
                        >
                          11 423
                          ₽
                           
                        </strong>
                        <span
                          class="roomCard__priceDate"
                        >
                          perDay
                        </span>
                      </div>
                    </li>
                    <li
                      class="roomCard__listItem"
                    >
                      <div
                        class="roomCard__rating"
                      >
                        <div
                          class="roomCardRating"
                        >
                          <div
                            class="roomCardRating__inner"
                          >
                            <span
                              class="roomCardRating__star roomCardRating__star_active"
                            />
                            <span
                              class="roomCardRating__star roomCardRating__star_active"
                            />
                            <span
                              class="roomCardRating__star roomCardRating__star_active"
                            />
                            <span
                              class="roomCardRating__star roomCardRating__star_active"
                            />
                            <span
                              class="roomCardRating__star roomCardRating__star_active"
                            />
                          </div>
                        </div>
                      </div>
                      <div
                        class="roomCard__reviews"
                      >
                        <strong
                          class="roomCard__reviewsText"
                        >
                          99
                           
                        </strong>
                        reviews
                      </div>
                    </li>
                  </ul>
                </div>
              </a>
            </div>
            <div
              class="roomCard"
            >
              <div
                class="roomCard__top"
              >
                <div
                  class="carousel-root"
                >
                  <div
                    class="carousel carousel-slider"
                    style="width: 100%;"
                  >
                    <ul
                      class="control-dots"
                    >
                      <li
                        aria-label="slide item 1"
                        class="dot selected"
                        role="button"
                        tabindex="0"
                        value="0"
                      />
                      <li
                        aria-label="slide item 2"
                        class="dot"
                        role="button"
                        tabindex="0"
                        value="1"
                      />
                      <li
                        aria-label="slide item 3"
                        class="dot"
                        role="button"
                        tabindex="0"
                        value="2"
                      />
                      <li
                        aria-label="slide item 4"
                        class="dot"
                        role="button"
                        tabindex="0"
                        value="3"
                      />
                    </ul>
                    <button
                      aria-label="previous slide / item"
                      class="control-arrow control-prev control-disabled"
                      type="button"
                    />
                    <div
                      class="slider-wrapper axis-horizontal"
                    >
                      <ul
                        class="slider animated"
                        style="transform: translate3d(0,0,0); transition-duration: 350ms;"
                      >
                        <li
                          class="slide selected previous"
                        >
                          <div>
                            Next image stub
                          </div>
                        </li>
                        <li
                          class="slide"
                        >
                          <div>
                            Next image stub
                          </div>
                        </li>
                        <li
                          class="slide"
                        >
                          <div>
                            Next image stub
                          </div>
                        </li>
                        <li
                          class="slide"
                        >
                          <div>
                            Next image stub
                          </div>
                        </li>
                      </ul>
                    </div>
                    <button
                      aria-label="next slide / item"
                      class="control-arrow control-next"
                      type="button"
                    />
                  </div>
                </div>
              </div>
              <a
                class="roomCard__roomLink"
                href="/room-details/20"
              >
                <div
                  class="roomCard__content"
                >
                  <ul
                    class="roomCard__list"
                  >
                    <li
                      class="roomCard__listItem"
                    >
                      <div
                        class="roomCard__number"
                      >
                        <strong>
                          222
                        </strong>
                        <span
                          class="roomCard__type"
                        >
                          luxury
                        </span>
                      </div>
                      <div
                        class="roomCard__price"
                      >
                        <strong
                          class="roomCard__priceInner"
                        >
                          11 423
                          ₽
                           
                        </strong>
                        <span
                          class="roomCard__priceDate"
                        >
                          perDay
                        </span>
                      </div>
                    </li>
                    <li
                      class="roomCard__listItem"
                    >
                      <div
                        class="roomCard__rating"
                      >
                        <div
                          class="roomCardRating"
                        >
                          <div
                            class="roomCardRating__inner"
                          >
                            <span
                              class="roomCardRating__star roomCardRating__star_active"
                            />
                            <span
                              class="roomCardRating__star roomCardRating__star_active"
                            />
                            <span
                              class="roomCardRating__star roomCardRating__star_active"
                            />
                            <span
                              class="roomCardRating__star roomCardRating__star_active"
                            />
                            <span
                              class="roomCardRating__star roomCardRating__star_active"
                            />
                          </div>
                        </div>
                      </div>
                      <div
                        class="roomCard__reviews"
                      >
                        <strong
                          class="roomCard__reviewsText"
                        >
                          99
                           
                        </strong>
                        reviews
                      </div>
                    </li>
                  </ul>
                </div>
              </a>
            </div>
          </div>
          <div
            class="roomSearchPage__pagination"
          >
            <div
              class="pagination"
            >
              <div
                class="paginationList"
              >
                <button
                  class="paginationList__arrow paginationList__arrow_hidden"
                  type="button"
                >
                  <span
                    class="paginationList__icon"
                  >
                    <svg
                      fill="currentColor"
                      height="24px"
                      stroke="currentColor"
                      stroke-width="0"
                      viewBox="0 0 24 24"
                      width="24px"
                      xmlns="http://www.w3.org/2000/svg"
                    >
                      <path
                        d="M0 0h24v24H0z"
                        fill="none"
                      />
                      <path
                        d="M20 11H7.83l5.59-5.59L12 4l-8 8 8 8 1.41-1.41L7.83 13H20v-2z"
                      />
                    </svg>
                  </span>
                </button>
                <input
                  class="paginationList__number paginationList__number_current"
                  readonly=""
                  value="1"
                />
                <button
                  class="paginationList__arrow paginationList__arrow_hidden"
                  type="button"
                >
                  <span
                    class="paginationList__icon"
                  >
                    <svg
                      fill="currentColor"
                      height="24px"
                      stroke="currentColor"
                      stroke-width="0"
                      viewBox="0 0 24 24"
                      width="24px"
                      xmlns="http://www.w3.org/2000/svg"
                    >
                      <path
                        d="M0 0h24v24H0z"
                        fill="none"
                      />
                      <path
                        d="M12 4l-1.41 1.41L16.17 11H4v2h12.17l-5.58 5.59L12 20l8-8z"
                      />
                    </svg>
                  </span>
                </button>
              </div>
              <div
                class="pagination__text"
              >
                1
                 – 
                12
                 
                from
                 
                2
                 
                text
              </div>
            </div>
          </div>
        </article>
      </div>
    </div>
  </main>
  <footer
    class="footer"
  >
    <div
      class="footerContent"
    >
      <div
        class="footerContent__container"
      >
        <div
          class="footerContent__content"
        >
          <div
            class="footerContent__column"
          >
            <div
              class="footerContent__logo"
            >
              <a
                class="logo"
                href="/"
              >
                Next image stub
                Next image stub
              </a>
            </div>
            <p
              class="footerContent__description"
            >
              description
            </p>
          </div>
          <div
            class="footerContent__column"
          >
            <div
              class="footerList__list"
            >
              <h3
                class="footerList__subtitle"
              >
                navigation
              </h3>
              <a
                class="footerList__link"
                href="/mock-address"
              >
                aboutUs
              </a>
              <a
                class="footerList__link"
                href="/mock-address"
              >
                news
              </a>
              <a
                class="footerList__link"
                href="/mock-address"
              >
                support
              </a>
              <a
                class="footerList__link"
                href="/mock-address"
              >
                services
              </a>
            </div>
          </div>
          <div
            class="footerContent__column"
          >
            <div
              class="footerList__list"
            >
              <h3
                class="footerList__subtitle"
              >
                aboutUs
              </h3>
              <a
                class="footerList__link"
                href="/mock-address"
              >
                aboutService
              </a>
              <a
                class="footerList__link"
                href="/mock-address"
              >
                ourTeam
              </a>
              <a
                class="footerList__link"
                href="/mock-address"
              >
                vacancy
              </a>
              <a
                class="footerList__link"
                href="/mock-address"
              >
                investors
              </a>
            </div>
          </div>
          <div
            class="footerContent__column"
          >
            <div
              class="footerList__list"
            >
              <h3
                class="footerList__subtitle"
              >
                support
              </h3>
              <a
                class="footerList__link"
                href="/mock-address"
              >
                agreements
              </a>
              <a
                class="footerList__link"
                href="/mock-address"
              >
                communities
              </a>
              <a
                class="footerList__link"
                href="/mock-address"
              >
                contactUs
              </a>
            </div>
          </div>
          <div
            class="footerContent__column"
          >
            <h3
              class="footerContent__subtitle"
            >
              subscription
            </h3>
            <p
              class="footerContent__description"
            >
              subscriptionText
            </p>
            <form
              class="footerContent__form"
            >
              <div
                class="input__wrapper"
              >
                <input
                  class="input input_withArrow"
                  name=""
                  placeholder="Email"
                  type="text"
                  value=""
                />
                <button
                  aria-label="send form"
                  class="input__button"
                  type="submit"
                >
                  <span
                    class="input__buttonInner"
                  />
                </button>
              </div>
            </form>
          </div>
        </div>
      </div>
    </div>
    <div
      class="footerSocial"
    >
      <div
        class="footerSocial__container"
      >
        <div
          class="footerSocial__content"
        >
          <div
            class="footerSocial__logo"
          >
            <a
              class="logo"
              href="/"
            >
              Next image stub
              Next image stub
            </a>
          </div>
          <p
            class="footerSocial__text"
          >
            copyright
          </p>
          <div
            class="footerSocial__icons"
          >
            <a
              class="footerSocial__link"
              href="https://twitter.com/"
              rel="noopener noreferrer"
              target="_blank"
            >
              Next image stub
            </a>
            <a
              class="footerSocial__link"
              href="https://facebook.com/"
              rel="noopener noreferrer"
              target="_blank"
            >
              Next image stub
            </a>
            <a
              class="footerSocial__link"
              href="https://instagram.com/"
              rel="noopener noreferrer"
              target="_blank"
            >
              Next image stub
            </a>
          </div>
        </div>
      </div>
    </div>
  </footer>
</div>
`;
