// Jest Snapshot v1, https://goo.gl/fbAQLP

exports[`signIn page snapshot draw page 1`] = `
<div>
  <header
    class="header"
  >
    <div
      class="header__content"
    >
      <div
        class="header__logo"
      >
        <a
          class="logo"
          href="/"
        >
          Next image stub
          Next image stub
        </a>
      </div>
      <div
        class="header__menu"
      >
        <div
          class="header__burgerMenu"
        >
          <nav
            class="burger"
          >
            <svg
              class="burger__icon"
              fill="currentColor"
              height="1em"
              stroke="currentColor"
              stroke-width="0"
              viewBox="0 0 512 512"
              width="1em"
              xmlns="http://www.w3.org/2000/svg"
            >
              <path
                d="M32 96v64h448V96H32zm0 128v64h448v-64H32zm0 128v64h448v-64H32z"
              />
            </svg>
          </nav>
        </div>
        <div
          class="header__userMenu"
        >
          <div
            class="authentication"
          >
            <div
              class="authentication__signIn"
            >
              <a
                class="button button_type_signIn"
                href="/sign-in"
              >
                <span
                  class="button_type_signInText"
                >
                  signIn
                </span>
              </a>
            </div>
            <div
              class="authentication__registration"
            >
              <a
                class="button button_type_registration"
                href="/register"
              >
                <span
                  class="button_type_signInText"
                >
                  signUp
                </span>
              </a>
            </div>
          </div>
        </div>
        <div
          class="header__navbar"
        >
          <ul
            class="navBar"
          >
            <li
              class="navLink"
            >
              <a
                class="navLink__button"
                href="/about"
                title="aboutUs"
              >
                aboutUs
              </a>
            </li>
            <li
              class="navLink navLink_type_dropdown"
            >
              <div
                class="navLink__dropdown"
              >
                <svg
                  class="navLink__icon"
                  fill="currentColor"
                  height="21px"
                  stroke="currentColor"
                  stroke-width="0"
                  viewBox="0 0 24 24"
                  width="21px"
                  xmlns="http://www.w3.org/2000/svg"
                >
                  <path
                    d="M0 0h24v24H0z"
                    fill="none"
                  />
                  <path
                    d="M16.59 8.59L12 13.17 7.41 8.59 6 10l6 6 6-6z"
                  />
                </svg>
                <div
                  class="navLink__button"
                  title="services"
                >
                  services
                </div>
              </div>
            </li>
            <li
              class="navLink"
            >
              <a
                class="navLink__button"
                href="/vacancies"
                title="vacancies"
              >
                vacancies
              </a>
            </li>
            <li
              class="navLink"
            >
              <a
                class="navLink__button"
                href="/news"
                title="news"
              >
                news
              </a>
            </li>
            <li
              class="navLink navLink_type_dropdown"
            >
              <div
                class="navLink__dropdown"
              >
                <svg
                  class="navLink__icon"
                  fill="currentColor"
                  height="21px"
                  stroke="currentColor"
                  stroke-width="0"
                  viewBox="0 0 24 24"
                  width="21px"
                  xmlns="http://www.w3.org/2000/svg"
                >
                  <path
                    d="M0 0h24v24H0z"
                    fill="none"
                  />
                  <path
                    d="M16.59 8.59L12 13.17 7.41 8.59 6 10l6 6 6-6z"
                  />
                </svg>
                <div
                  class="navLink__button"
                  title="agreements"
                >
                  agreements
                </div>
              </div>
            </li>
            <li
              class="languageSwitcher"
            >
              <div
                class="switcher"
              >
                <div>
                  <button
                    class="btn"
                    type="button"
                  >
                    Next image stub
                    <svg
                      class="arrow"
                      fill="currentColor"
                      height="1em"
                      stroke="currentColor"
                      stroke-width="0"
                      viewBox="0 0 24 24"
                      width="1em"
                      xmlns="http://www.w3.org/2000/svg"
                    >
                      <path
                        d="M0 0h24v24H0z"
                        fill="none"
                      />
                      <path
                        d="M16.59 8.59L12 13.17 7.41 8.59 6 10l6 6 6-6z"
                      />
                    </svg>
                  </button>
                </div>
              </div>
            </li>
          </ul>
        </div>
      </div>
    </div>
  </header>
  <main>
    <div
      class="signInPage"
    >
      <div
        class="signInPage__container"
      >
        <form
          class="signInPageForm"
        >
          <div
            class="signInPageForm__inner"
          >
            <h2
              class="signInPageForm__title"
            >
              title
            </h2>
            <div
              class="signInPageForm__input"
            >
              <div
                class=""
              >
                <input
                  class="input"
                  name=""
                  placeholder="Email"
                  type="email"
                  value=""
                />
              </div>
            </div>
            <div
              class="signInPageForm__input"
            >
              <div
                class=""
              >
                <input
                  class="input"
                  name=""
                  placeholder="password"
                  type="password"
                  value=""
                />
              </div>
            </div>
            <div
              class="signInPageForm__button"
            >
              <button
                class="button button_type_submit"
                type="submit"
              >
                <span
                  class="button__icon"
                >
                  <svg
                    fill="currentColor"
                    height="24px"
                    stroke="currentColor"
                    stroke-width="0"
                    viewBox="0 0 24 24"
                    width="24px"
                    xmlns="http://www.w3.org/2000/svg"
                  >
                    <path
                      d="M0 0h24v24H0z"
                      fill="none"
                    />
                    <path
                      d="M12 4l-1.41 1.41L16.17 11H4v2h12.17l-5.58 5.59L12 20l8-8z"
                    />
                  </svg>
                </span>
                <span
                  class="button_type_signInText"
                >
                  buttonSignIn
                </span>
              </button>
            </div>
            <div
              class="signInPageForm__direction"
            >
              <p
                class="signInPageForm__text"
              >
                account
              </p>
              <div
                class="signInPageForm__link"
              >
                <a
                  class="button button_type_signIn button_in_authorization"
                  href="/Registration"
                >
                  <span
                    class="button_type_signInText"
                  >
                    buttonSignUp
                  </span>
                </a>
              </div>
            </div>
          </div>
        </form>
      </div>
    </div>
  </main>
  <footer
    class="footer"
  >
    <div
      class="footerContent"
    >
      <div
        class="footerContent__container"
      >
        <div
          class="footerContent__content"
        >
          <div
            class="footerContent__column"
          >
            <div
              class="footerContent__logo"
            >
              <a
                class="logo"
                href="/"
              >
                Next image stub
                Next image stub
              </a>
            </div>
            <p
              class="footerContent__description"
            >
              description
            </p>
          </div>
          <div
            class="footerContent__column"
          >
            <div
              class="footerList__list"
            >
              <h3
                class="footerList__subtitle"
              >
                navigation
              </h3>
              <a
                class="footerList__link"
                href="/mock-address"
              >
                aboutUs
              </a>
              <a
                class="footerList__link"
                href="/mock-address"
              >
                news
              </a>
              <a
                class="footerList__link"
                href="/mock-address"
              >
                support
              </a>
              <a
                class="footerList__link"
                href="/mock-address"
              >
                services
              </a>
            </div>
          </div>
          <div
            class="footerContent__column"
          >
            <div
              class="footerList__list"
            >
              <h3
                class="footerList__subtitle"
              >
                aboutUs
              </h3>
              <a
                class="footerList__link"
                href="/mock-address"
              >
                aboutService
              </a>
              <a
                class="footerList__link"
                href="/mock-address"
              >
                ourTeam
              </a>
              <a
                class="footerList__link"
                href="/mock-address"
              >
                vacancy
              </a>
              <a
                class="footerList__link"
                href="/mock-address"
              >
                investors
              </a>
            </div>
          </div>
          <div
            class="footerContent__column"
          >
            <div
              class="footerList__list"
            >
              <h3
                class="footerList__subtitle"
              >
                support
              </h3>
              <a
                class="footerList__link"
                href="/mock-address"
              >
                agreements
              </a>
              <a
                class="footerList__link"
                href="/mock-address"
              >
                communities
              </a>
              <a
                class="footerList__link"
                href="/mock-address"
              >
                contactUs
              </a>
            </div>
          </div>
          <div
            class="footerContent__column"
          >
            <h3
              class="footerContent__subtitle"
            >
              subscription
            </h3>
            <p
              class="footerContent__description"
            >
              subscriptionText
            </p>
            <form
              class="footerContent__form"
            >
              <div
                class="input__wrapper"
              >
                <input
                  class="input input_withArrow"
                  name=""
                  placeholder="Email"
                  type="text"
                  value=""
                />
                <button
                  aria-label="send form"
                  class="input__button"
                  type="submit"
                >
                  <span
                    class="input__buttonInner"
                  />
                </button>
              </div>
            </form>
          </div>
        </div>
      </div>
    </div>
    <div
      class="footerSocial"
    >
      <div
        class="footerSocial__container"
      >
        <div
          class="footerSocial__content"
        >
          <div
            class="footerSocial__logo"
          >
            <a
              class="logo"
              href="/"
            >
              Next image stub
              Next image stub
            </a>
          </div>
          <p
            class="footerSocial__text"
          >
            copyright
          </p>
          <div
            class="footerSocial__icons"
          >
            <a
              class="footerSocial__link"
              href="https://twitter.com/"
              rel="noopener noreferrer"
              target="_blank"
            >
              Next image stub
            </a>
            <a
              class="footerSocial__link"
              href="https://facebook.com/"
              rel="noopener noreferrer"
              target="_blank"
            >
              Next image stub
            </a>
            <a
              class="footerSocial__link"
              href="https://instagram.com/"
              rel="noopener noreferrer"
              target="_blank"
            >
              Next image stub
            </a>
          </div>
        </div>
      </div>
    </div>
  </footer>
</div>
`;
