// Jest Snapshot v1, https://goo.gl/fbAQLP

exports[`Sign-in page Sign in snapshot 1`] = `
<div>
  <form
    class="roomForm"
  >
    <div
      class="roomForm__inner"
    >
      <div
        class="roomForm__head"
      >
        <div
          class="roomForm__headInfo"
        >
          <span
            class="roomForm__headSign"
          >
            №
          </span>
          <span
            class="roomForm__headNumber"
          >
            130
          </span>
        </div>
        <div
          class="roomForm__headPrice"
        >
          <strong
            class="roomForm__headCost"
          >
            4 000
            ₽ 
            perDay
          </strong>
        </div>
      </div>
      <div
        class="roomForm__date"
      >
        <div
          class="calendar"
        >
          <div
            class="wrapper"
          >
            <label
              class="label"
            >
              labelFirstTwin
              <input
                class="input"
                placeholder="placeholderTwin"
                readonly=""
                type="text"
              />
              <svg
                class="expandIcon"
                fill="currentColor"
                height="1em"
                stroke="currentColor"
                stroke-width="0"
                viewBox="0 0 24 24"
                width="1em"
                xmlns="http://www.w3.org/2000/svg"
              >
                <path
                  d="M0 0h24v24H0z"
                  fill="none"
                />
                <path
                  d="M16.59 8.59L12 13.17 7.41 8.59 6 10l6 6 6-6z"
                />
              </svg>
            </label>
            <label
              class="label"
            >
              labelSecond
              <input
                class="input"
                placeholder="placeholderTwin"
                readonly=""
                type="text"
              />
              <svg
                class="expandIcon"
                fill="currentColor"
                height="1em"
                stroke="currentColor"
                stroke-width="0"
                viewBox="0 0 24 24"
                width="1em"
                xmlns="http://www.w3.org/2000/svg"
              >
                <path
                  d="M0 0h24v24H0z"
                  fill="none"
                />
                <path
                  d="M16.59 8.59L12 13.17 7.41 8.59 6 10l6 6 6-6z"
                />
              </svg>
            </label>
          </div>
        </div>
      </div>
      <div
        class="roomForm__guests"
      >
        <div
          class="roomDropdown"
        >
          <p
            class="roomDropdown__title"
          >
            guests
          </p>
          <div
            class="roomDropdownInput"
            role="button"
            tabindex="0"
          >
            <div
              class=""
            >
              <input
                class="input input_isReadonly"
                name=""
                placeholder="Email"
                readonly=""
                type="text"
                value="1 guests"
              />
            </div>
            <span
              class="roomDropdownInput__iconWrapper"
            >
              <svg
                class="roomDropdownInput__icon"
                fill="none"
                height="20px"
                stroke="currentColor"
                stroke-linecap="round"
                stroke-linejoin="round"
                stroke-width="2"
                viewBox="0 0 24 24"
                width="20px"
                xmlns="http://www.w3.org/2000/svg"
              >
                <polyline
                  points="6 9 12 15 18 9"
                />
              </svg>
            </span>
          </div>
        </div>
      </div>
      <div
        class="calculation"
      >
        <div
          class="calculation__inner"
        >
          <div
            class="calculation__row calculation__row_withoutInfo"
          >
            <div
              class="calculation__daysPriceText"
            >
              4 000
              ₽ х 
              2
               
              day
            </div>
            <div
              class="calculation__cost"
            >
              8 000
              ₽
            </div>
          </div>
          <div
            class="calculation__row"
          >
            <div
              class="calculation__serviceText"
            >
              charge
              : discount  2 179₽
            </div>
            <button
              aria-describedby="popup-1"
              class="calculation__info"
              type="button"
            >
              i
            </button>
            <div
              class="calculation__cost"
            >
              0
              ₽
            </div>
          </div>
          <div
            class="calculation__row"
          >
            <div
              class="calculation__additionalText"
            >
              additionalCharge
            </div>
            <button
              aria-describedby="popup-2"
              class="calculation__info"
              type="button"
            >
              i
            </button>
            <div
              class="calculation__cost"
            >
              300
              ₽
            </div>
          </div>
        </div>
        <div
          class="calculation__total"
        >
          <div
            class="calculation__totalText"
          >
            total
          </div>
          <div
            class="calculation__totalDots"
          >
             
          </div>
          <div
            class="calculation__totalCost"
          >
            6 121
            ₽
          </div>
        </div>
      </div>
      <div
        class="roomForm__button"
      >
        <button
          class="button button_type_submit"
          type="submit"
        >
          <span
            class="button__icon"
          >
            <svg
              fill="currentColor"
              height="24px"
              stroke="currentColor"
              stroke-width="0"
              viewBox="0 0 24 24"
              width="24px"
              xmlns="http://www.w3.org/2000/svg"
            >
              <path
                d="M0 0h24v24H0z"
                fill="none"
              />
              <path
                d="M12 4l-1.41 1.41L16.17 11H4v2h12.17l-5.58 5.59L12 20l8-8z"
              />
            </svg>
          </span>
          <span
            class="button_type_signInText"
          >
            bookBtn
          </span>
        </button>
      </div>
    </div>
  </form>
</div>
`;
